// Jest Snapshot v1, https://goo.gl/fbAQLP

exports[`MoviesPage should render MoviesPage 1`] = `
<section
  className="moviePage"
>
  <section
    className="userProfile"
  >
    <UserProfile
      0="T"
      1="h"
      2="e"
      3=" "
      4="R"
      5="o"
      6="c"
      7="k"
      logOut={[MockFunction]}
    />
  </section>
  <h2>
    Star Wars Movies
  </h2>
  <MovieBox />
</section>
`;
