// Jest Snapshot v1, https://goo.gl/fbAQLP

exports[`App should render App 1`] = `
<main
  className="app"
>
  <Switch>
    <Route
      exact={true}
      path="/"
      render={[Function]}
    />
    <Route
      exact={true}
      path="/movies"
      render={[Function]}
    />
    <Route
      path="/movies/:id"
      render={[Function]}
    />
    <Route
      exact={true}
      path="/favorites"
      render={[Function]}
    />
    <Route
      component={[Function]}
      path="*"
    />
  </Switch>
</main>
`;
