// Jest Snapshot v1, https://goo.gl/fbAQLP

exports[`MoviesBox should render MoviesBox 1`] = `
<section
  className="movie-box"
/>
`;
